name: "assert div(*())"
limit: 500
memory_size: 0x100
input_streams:
  0x80: [3, 2]
  0x84: []
reports:
  - name: Step-by-step
    slice: all
    view: |
      A B T S BUF {A:hex} {B:hex} {T:hex} {S:hex} {memory:0x88:0x92}
      {pc}:	{instruction}	{pc:label}
  - name: Result
    slice: last
    filter:
      - state
    view: |
      numio[0x80]: {io:0x80:dec}
      numio[0x84]: {io:0x84:dec}
    assert: |
      numio[0x80]: [] >>> [1,1]
      numio[0x84]: [] >>> []
