limit: 10
memory_size: 0x1000
reports:
  - name: trace
    slice: all
    view: |
      A0 {A0} A1 {A1}
      {pc}:	{instruction}	{pc:label}
